192.168.1.1 - - [24/Aug/2026:10:15:32] "GET /index.html" 200 1024
192.168.1.2 - - [24/Aug/2026:10:15:33] "POST /login" 401 512
192.168.1.1 - - [24/Aug/2026:10:15:34] "GET /about" 200 2048
192.168.1.3 - - [24/Aug/2026:10:15:35] "GET /index.html" 404 1024
192.168.1.2 - - [24/Aug/2026:10:15:36] "GET /dashboard" 200 4096
192.168.1.4 - - [24/Aug/2026:10:15:37] "POST /api/data" 500 512
192.168.1.1 - - [24/Aug/2026:10:15:38] "GET /index.html" 200 1024
192.168.1.3 - - [24/Aug/2026:10:15:39] "GET /logout" 302 128
192.168.1.5 - - [24/Aug/2026:10:15:40] "GET /index.html" 200 2048
192.168.1.2 - - [24/Aug/2026:10:15:41] "POST /login" 200 256